2026-09-29 17:01:25.301 | INFO     | winwatt_automation.live_ui.app_connector:get_cached_main_window:597 - DBG_WINWATT_CACHE_GET reason_code=cache_missing_resolving_fresh diagnostic_fast_mode=False
2026-09-29 17:01:25.358 | INFO     | winwatt_automation.live_ui.app_connector:_connect_with_win32_handle:276 - DBG_WINWATT_CONNECT_WIN32_CANDIDATES locator=backend=win32 ranked_candidates=[] 
2026-09-29 17:01:25.358 | WARNING  | winwatt_automation.runtime_mapping.program_mapper:_safe_capture_snapshot:191 - snapshot_capture_failed state_id=startup_after_relaunch error=No WinWatt-like windows were found
2026-09-29 17:01:25.996 | INFO     | winwatt_automation.live_ui.app_connector:get_cached_main_window:597 - DBG_WINWATT_CACHE_GET reason_code=cache_missing_resolving_fresh diagnostic_fast_mode=False
2026-09-29 17:01:28.583 | INFO     | winwatt_automation.live_ui.app_connector:_connect_with_win32_handle:276 - DBG_WINWATT_CONNECT_WIN32_CANDIDATES locator=backend=win32 ranked_candidates=[] 
2026-09-29 17:01:28.584 | WARNING  | winwatt_automation.runtime_mapping.program_mapper:_safe_capture_snapshot:191 - snapshot_capture_failed state_id=startup_after_relaunch error=No WinWatt-like windows were found
2026-09-29 17:01:29.084 | INFO     | winwatt_automation.live_ui.app_connector:get_cached_main_window:597 - DBG_WINWATT_CACHE_GET reason_code=cache_missing_resolving_fresh diagnostic_fast_mode=False
2026-09-29 17:01:30.687 | INFO     | winwatt_automation.live_ui.app_connector:_connect_with_win32_handle:276 - DBG_WINWATT_CONNECT_WIN32_CANDIDATES locator=backend=win32 ranked_candidates=[] 
2026-09-29 17:01:30.688 | WARNING  | winwatt_automation.runtime_mapping.program_mapper:_safe_capture_snapshot:191 - snapshot_capture_failed state_id=startup_after_relaunch error=No WinWatt-like windows were found
2026-09-29 17:01:31.188 | INFO     | winwatt_automation.live_ui.app_connector:get_cached_main_window:597 - DBG_WINWATT_CACHE_GET reason_code=cache_missing_resolving_fresh diagnostic_fast_mode=False
2026-09-29 17:01:31.233 | INFO     | winwatt_automation.live_ui.app_connector:_connect_with_win32_handle:276 - DBG_WINWATT_CONNECT_WIN32_CANDIDATES locator=backend=win32 ranked_candidates=[] 
2026-09-29 17:01:31.233 | WARNING  | winwatt_automation.runtime_mapping.program_mapper:_safe_capture_snapshot:191 - snapshot_capture_failed state_id=startup_after_relaunch error=No WinWatt-like windows were found
2026-09-29 17:01:31.733 | INFO     | winwatt_automation.live_ui.app_connector:get_cached_main_window:597 - DBG_WINWATT_CACHE_GET reason_code=cache_missing_resolving_fresh diagnostic_fast_mode=False
2026-09-29 17:01:31.783 | INFO     | winwatt_automation.live_ui.app_connector:_connect_with_win32_handle:276 - DBG_WINWATT_CONNECT_WIN32_CANDIDATES locator=backend=win32 ranked_candidates=[] 
2026-09-29 17:01:31.783 | WARNING  | winwatt_automation.runtime_mapping.program_mapper:_safe_capture_snapshot:191 - snapshot_capture_failed state_id=startup_after_relaunch error=No WinWatt-like windows were found
2026-09-29 17:01:32.283 | INFO     | winwatt_automation.live_ui.app_connector:get_cached_main_window:597 - DBG_WINWATT_CACHE_GET reason_code=cache_missing_resolving_fresh diagnostic_fast_mode=False
2026-09-29 17:01:32.320 | INFO     | winwatt_automation.live_ui.app_connector:_connect_with_win32_handle:276 - DBG_WINWATT_CONNECT_WIN32_CANDIDATES locator=backend=win32 ranked_candidates=[] 
2026-09-29 17:01:32.320 | WARNING  | winwatt_automation.runtime_mapping.program_mapper:_safe_capture_snapshot:191 - snapshot_capture_failed state_id=startup_after_relaunch error=No WinWatt-like windows were found
2026-09-29 17:01:32.821 | INFO     | winwatt_automation.live_ui.app_connector:get_cached_main_window:597 - DBG_WINWATT_CACHE_GET reason_code=cache_missing_resolving_fresh diagnostic_fast_mode=False
2026-09-29 17:01:32.866 | INFO     | winwatt_automation.live_ui.app_connector:_connect_with_win32_handle:276 - DBG_WINWATT_CONNECT_WIN32_CANDIDATES locator=backend=win32 ranked_candidates=[] 
2026-09-29 17:01:32.866 | WARNING  | winwatt_automation.runtime_mapping.program_mapper:_safe_capture_snapshot:191 - snapshot_capture_failed state_id=startup_after_relaunch error=No WinWatt-like windows were found
2026-09-29 17:01:33.368 | INFO     | winwatt_automation.live_ui.app_connector:get_cached_main_window:597 - DBG_WINWATT_CACHE_GET reason_code=cache_missing_resolving_fresh diagnostic_fast_mode=False
2026-09-29 17:01:33.399 | INFO     | winwatt_automation.live_ui.app_connector:_connect_with_win32_handle:276 - DBG_WINWATT_CONNECT_WIN32_CANDIDATES locator=backend=win32 ranked_candidates=[] 
2026-09-29 17:01:33.399 | WARNING  | winwatt_automation.runtime_mapping.program_mapper:_safe_capture_snapshot:191 - snapshot_capture_failed state_id=startup_after_relaunch error=No WinWatt-like windows were found
2026-09-29 17:01:33.907 | INFO     | winwatt_automation.live_ui.app_connector:get_cached_main_window:597 - DBG_WINWATT_CACHE_GET reason_code=cache_missing_resolving_fresh diagnostic_fast_mode=False
2026-09-29 17:01:33.933 | INFO     | winwatt_automation.live_ui.app_connector:_connect_with_win32_handle:276 - DBG_WINWATT_CONNECT_WIN32_CANDIDATES locator=backend=win32 ranked_candidates=[] 
2026-09-29 17:01:33.933 | WARNING  | winwatt_automation.runtime_mapping.program_mapper:_safe_capture_snapshot:191 - snapshot_capture_failed state_id=startup_after_relaunch error=No WinWatt-like windows were found
2026-09-29 17:01:34.443 | INFO     | winwatt_automation.live_ui.app_connector:get_cached_main_window:597 - DBG_WINWATT_CACHE_GET reason_code=cache_missing_resolving_fresh diagnostic_fast_mode=False
2026-09-29 17:01:34.488 | INFO     | winwatt_automation.live_ui.app_connector:_connect_with_win32_handle:276 - DBG_WINWATT_CONNECT_WIN32_CANDIDATES locator=backend=win32 ranked_candidates=[] 
2026-09-29 17:01:34.488 | WARNING  | winwatt_automation.runtime_mapping.program_mapper:_safe_capture_snapshot:191 - snapshot_capture_failed state_id=startup_after_relaunch error=No WinWatt-like windows were found
2026-09-29 17:01:34.988 | INFO     | winwatt_automation.live_ui.app_connector:get_cached_main_window:597 - DBG_WINWATT_CACHE_GET reason_code=cache_missing_resolving_fresh diagnostic_fast_mode=False
2026-09-29 17:01:35.024 | INFO     | winwatt_automation.live_ui.app_connector:_connect_with_win32_handle:276 - DBG_WINWATT_CONNECT_WIN32_CANDIDATES locator=backend=win32 ranked_candidates=[] 
2026-09-29 17:01:35.025 | WARNING  | winwatt_automation.runtime_mapping.program_mapper:_safe_capture_snapshot:191 - snapshot_capture_failed state_id=startup_after_relaunch error=No WinWatt-like windows were found
2026-09-29 17:01:35.525 | INFO     | winwatt_automation.live_ui.app_connector:get_cached_main_window:597 - DBG_WINWATT_CACHE_GET reason_code=cache_missing_resolving_fresh diagnostic_fast_mode=False
2026-09-29 17:01:35.562 | INFO     | winwatt_automation.live_ui.app_connector:_connect_with_win32_handle:276 - DBG_WINWATT_CONNECT_WIN32_CANDIDATES locator=backend=win32 ranked_candidates=[] 
2026-09-29 17:01:35.562 | WARNING  | winwatt_automation.runtime_mapping.program_mapper:_safe_capture_snapshot:191 - snapshot_capture_failed state_id=startup_after_relaunch error=No WinWatt-like windows were found
2026-09-29 17:01:36.063 | INFO     | winwatt_automation.live_ui.app_connector:get_cached_main_window:597 - DBG_WINWATT_CACHE_GET reason_code=cache_missing_resolving_fresh diagnostic_fast_mode=False
2026-09-29 17:01:36.099 | INFO     | winwatt_automation.live_ui.app_connector:_connect_with_win32_handle:276 - DBG_WINWATT_CONNECT_WIN32_CANDIDATES locator=backend=win32 ranked_candidates=[] 
2026-09-29 17:01:36.099 | WARNING  | winwatt_automation.runtime_mapping.program_mapper:_safe_capture_snapshot:191 - snapshot_capture_failed state_id=startup_after_relaunch error=No WinWatt-like windows were found
2026-09-29 17:01:36.607 | INFO     | winwatt_automation.live_ui.app_connector:get_cached_main_window:597 - DBG_WINWATT_CACHE_GET reason_code=cache_missing_resolving_fresh diagnostic_fast_mode=False
2026-09-29 17:01:36.643 | INFO     | winwatt_automation.live_ui.app_connector:_connect_with_win32_handle:276 - DBG_WINWATT_CONNECT_WIN32_CANDIDATES locator=backend=win32 ranked_candidates=[] 
2026-09-29 17:01:36.643 | WARNING  | winwatt_automation.runtime_mapping.program_mapper:_safe_capture_snapshot:191 - snapshot_capture_failed state_id=startup_after_relaunch error=No WinWatt-like windows were found
2026-09-29 17:01:37.146 | INFO     | winwatt_automation.live_ui.app_connector:get_cached_main_window:597 - DBG_WINWATT_CACHE_GET reason_code=cache_missing_resolving_fresh diagnostic_fast_mode=False
2026-09-29 17:01:37.184 | INFO     | winwatt_automation.live_ui.app_connector:_connect_with_win32_handle:276 - DBG_WINWATT_CONNECT_WIN32_CANDIDATES locator=backend=win32 ranked_candidates=[] 
2026-09-29 17:01:37.184 | WARNING  | winwatt_automation.runtime_mapping.program_mapper:_safe_capture_snapshot:191 - snapshot_capture_failed state_id=startup_after_relaunch error=No WinWatt-like windows were found
2026-09-29 17:01:37.685 | INFO     | winwatt_automation.live_ui.app_connector:get_cached_main_window:597 - DBG_WINWATT_CACHE_GET reason_code=cache_missing_resolving_fresh diagnostic_fast_mode=False
2026-09-29 17:01:37.722 | INFO     | winwatt_automation.live_ui.app_connector:_connect_with_win32_handle:276 - DBG_WINWATT_CONNECT_WIN32_CANDIDATES locator=backend=win32 ranked_candidates=[] 
2026-09-29 17:01:37.722 | WARNING  | winwatt_automation.runtime_mapping.program_mapper:_safe_capture_snapshot:191 - snapshot_capture_failed state_id=startup_after_relaunch error=No WinWatt-like windows were found
2026-09-29 17:01:38.223 | INFO     | winwatt_automation.live_ui.app_connector:get_cached_main_window:597 - DBG_WINWATT_CACHE_GET reason_code=cache_missing_resolving_fresh diagnostic_fast_mode=False
2026-09-29 17:01:38.258 | INFO     | winwatt_automation.live_ui.app_connector:_connect_with_win32_handle:276 - DBG_WINWATT_CONNECT_WIN32_CANDIDATES locator=backend=win32 ranked_candidates=[] 
2026-09-29 17:01:38.258 | WARNING  | winwatt_automation.runtime_mapping.program_mapper:_safe_capture_snapshot:191 - snapshot_capture_failed state_id=startup_after_relaunch error=No WinWatt-like windows were found
2026-09-29 17:01:38.759 | INFO     | winwatt_automation.live_ui.app_connector:get_cached_main_window:597 - DBG_WINWATT_CACHE_GET reason_code=cache_missing_resolving_fresh diagnostic_fast_mode=False
2026-09-29 17:01:38.793 | INFO     | winwatt_automation.live_ui.app_connector:_connect_with_win32_handle:276 - DBG_WINWATT_CONNECT_WIN32_CANDIDATES locator=backend=win32 ranked_candidates=[] 
2026-09-29 17:01:38.793 | WARNING  | winwatt_automation.runtime_mapping.program_mapper:_safe_capture_snapshot:191 - snapshot_capture_failed state_id=startup_after_relaunch error=No WinWatt-like windows were found
2026-09-29 17:01:39.294 | INFO     | winwatt_automation.live_ui.app_connector:get_cached_main_window:597 - DBG_WINWATT_CACHE_GET reason_code=cache_missing_resolving_fresh diagnostic_fast_mode=False
2026-09-29 17:01:39.333 | INFO     | winwatt_automation.live_ui.app_connector:_connect_with_win32_handle:276 - DBG_WINWATT_CONNECT_WIN32_CANDIDATES locator=backend=win32 ranked_candidates=[] 
2026-09-29 17:01:39.333 | WARNING  | winwatt_automation.runtime_mapping.program_mapper:_safe_capture_snapshot:191 - snapshot_capture_failed state_id=startup_after_relaunch error=No WinWatt-like windows were found
2026-09-29 17:01:39.839 | INFO     | winwatt_automation.live_ui.app_connector:get_cached_main_window:597 - DBG_WINWATT_CACHE_GET reason_code=cache_missing_resolving_fresh diagnostic_fast_mode=False
2026-09-29 17:01:39.883 | INFO     | winwatt_automation.live_ui.app_connector:_connect_with_win32_handle:276 - DBG_WINWATT_CONNECT_WIN32_CANDIDATES locator=backend=win32 ranked_candidates=[] 
2026-09-29 17:01:39.883 | WARNING  | winwatt_automation.runtime_mapping.program_mapper:_safe_capture_snapshot:191 - snapshot_capture_failed state_id=startup_after_relaunch error=No WinWatt-like windows were found
2026-09-29 17:01:40.395 | INFO     | winwatt_automation.live_ui.app_connector:get_cached_main_window:597 - DBG_WINWATT_CACHE_GET reason_code=cache_missing_resolving_fresh diagnostic_fast_mode=False
2026-09-29 17:01:40.433 | INFO     | winwatt_automation.live_ui.app_connector:_connect_with_win32_handle:276 - DBG_WINWATT_CONNECT_WIN32_CANDIDATES locator=backend=win32 ranked_candidates=[] 
2026-09-29 17:01:40.433 | WARNING  | winwatt_automation.runtime_mapping.program_mapper:_safe_capture_snapshot:191 - snapshot_capture_failed state_id=startup_after_relaunch error=No WinWatt-like windows were found
2026-09-29 17:01:40.936 | INFO     | winwatt_automation.live_ui.app_connector:get_cached_main_window:597 - DBG_WINWATT_CACHE_GET reason_code=cache_missing_resolving_fresh diagnostic_fast_mode=False
2026-09-29 17:01:40.992 | INFO     | winwatt_automation.live_ui.app_connector:_connect_with_win32_handle:276 - DBG_WINWATT_CONNECT_WIN32_CANDIDATES locator=backend=win32 ranked_candidates=[] 
2026-09-29 17:01:40.992 | WARNING  | winwatt_automation.runtime_mapping.program_mapper:_safe_capture_snapshot:191 - snapshot_capture_failed state_id=startup_after_relaunch error=No WinWatt-like windows were found
2026-09-29 17:01:41.494 | INFO     | winwatt_automation.live_ui.app_connector:get_cached_main_window:597 - DBG_WINWATT_CACHE_GET reason_code=cache_missing_resolving_fresh diagnostic_fast_mode=False
2026-09-29 17:01:41.526 | INFO     | winwatt_automation.live_ui.app_connector:_connect_with_win32_handle:276 - DBG_WINWATT_CONNECT_WIN32_CANDIDATES locator=backend=win32 ranked_candidates=[] 
2026-09-29 17:01:41.526 | WARNING  | winwatt_automation.runtime_mapping.program_mapper:_safe_capture_snapshot:191 - snapshot_capture_failed state_id=startup_after_relaunch error=No WinWatt-like windows were found
2026-09-29 17:01:42.027 | INFO     | winwatt_automation.live_ui.app_connector:get_cached_main_window:597 - DBG_WINWATT_CACHE_GET reason_code=cache_missing_resolving_fresh diagnostic_fast_mode=False
2026-09-29 17:01:42.060 | INFO     | winwatt_automation.live_ui.app_connector:_connect_with_win32_handle:276 - DBG_WINWATT_CONNECT_WIN32_CANDIDATES locator=backend=win32 ranked_candidates=[] 
2026-09-29 17:01:42.060 | WARNING  | winwatt_automation.runtime_mapping.program_mapper:_safe_capture_snapshot:191 - snapshot_capture_failed state_id=startup_after_relaunch error=No WinWatt-like windows were found
2026-09-29 17:01:42.561 | INFO     | winwatt_automation.live_ui.app_connector:get_cached_main_window:597 - DBG_WINWATT_CACHE_GET reason_code=cache_missing_resolving_fresh diagnostic_fast_mode=False
2026-09-29 17:01:42.595 | INFO     | winwatt_automation.live_ui.app_connector:_connect_with_win32_handle:276 - DBG_WINWATT_CONNECT_WIN32_CANDIDATES locator=backend=win32 ranked_candidates=[] 
2026-09-29 17:01:42.595 | WARNING  | winwatt_automation.runtime_mapping.program_mapper:_safe_capture_snapshot:191 - snapshot_capture_failed state_id=startup_after_relaunch error=No WinWatt-like windows were found
2026-09-29 17:01:43.095 | INFO     | winwatt_automation.live_ui.app_connector:get_cached_main_window:597 - DBG_WINWATT_CACHE_GET reason_code=cache_missing_resolving_fresh diagnostic_fast_mode=False
2026-09-29 17:01:43.129 | INFO     | winwatt_automation.live_ui.app_connector:_connect_with_win32_handle:276 - DBG_WINWATT_CONNECT_WIN32_CANDIDATES locator=backend=win32 ranked_candidates=[] 
2026-09-29 17:01:43.129 | WARNING  | winwatt_automation.runtime_mapping.program_mapper:_safe_capture_snapshot:191 - snapshot_capture_failed state_id=startup_after_relaunch error=No WinWatt-like windows were found
2026-09-29 17:01:43.630 | INFO     | winwatt_automation.live_ui.app_connector:get_cached_main_window:597 - DBG_WINWATT_CACHE_GET reason_code=cache_missing_resolving_fresh diagnostic_fast_mode=False
2026-09-29 17:01:43.669 | INFO     | winwatt_automation.live_ui.app_connector:_connect_with_win32_handle:276 - DBG_WINWATT_CONNECT_WIN32_CANDIDATES locator=backend=win32 ranked_candidates=[] 
2026-09-29 17:01:43.669 | WARNING  | winwatt_automation.runtime_mapping.program_mapper:_safe_capture_snapshot:191 - snapshot_capture_failed state_id=startup_after_relaunch error=No WinWatt-like windows were found
2026-09-29 17:01:44.170 | INFO     | winwatt_automation.live_ui.app_connector:get_cached_main_window:597 - DBG_WINWATT_CACHE_GET reason_code=cache_missing_resolving_fresh diagnostic_fast_mode=False
2026-09-29 17:01:44.199 | INFO     | winwatt_automation.live_ui.app_connector:_connect_with_win32_handle:276 - DBG_WINWATT_CONNECT_WIN32_CANDIDATES locator=backend=win32 ranked_candidates=[] 
2026-09-29 17:01:44.199 | WARNING  | winwatt_automation.runtime_mapping.program_mapper:_safe_capture_snapshot:191 - snapshot_capture_failed state_id=startup_after_relaunch error=No WinWatt-like windows were found
2026-09-29 17:01:44.704 | INFO     | winwatt_automation.live_ui.app_connector:get_cached_main_window:597 - DBG_WINWATT_CACHE_GET reason_code=cache_missing_resolving_fresh diagnostic_fast_mode=False
2026-09-29 17:01:44.735 | INFO     | winwatt_automation.live_ui.app_connector:_connect_with_win32_handle:276 - DBG_WINWATT_CONNECT_WIN32_CANDIDATES locator=backend=win32 ranked_candidates=[{'rank': 1, 'score': (1, 1, 1, 1, 674356), 'process_id': 1980, 'handle': None, 'class_name': 'TMainForm', 'title': 'WinWatt gólya - C:\\Users\\Dancs\\Documents\\GitHub\\autowinwatt\\winwatt_automation\\data\\runtime_maps\\versions\\winwatt_8c137b67c0a2214bb91aeae8\\20260929T10311393663', 'visible': True, 'enabled': True}] 
2026-09-29 17:01:44.735 | INFO     | winwatt_automation.live_ui.app_connector:select_main_window:224 - Candidate ranking score=(1, 1, 1, 1, 674356) data={'title': 'WinWatt gólya - C:\\Users\\Dancs\\Documents\\GitHub\\autowinwatt\\winwatt_automation\\data\\runtime_maps\\versions\\winwatt_8c137b67c0a2214bb91aeae8\\20260929T10311393663', 'window_text': 'WinWatt gólya - C:\\Users\\Dancs\\Documents\\GitHub\\autowinwatt\\winwatt_automation\\data\\runtime_maps\\versions\\winwatt_8c137b67c0a2214bb91aeae8\\20260929T10311393663', 'class_name': 'TMainForm', 'control_type': None, 'process_id': 1980, 'handle': None, 'is_visible': True, 'is_enabled': True, 'rectangle': {'left': 137, 'top': 77, 'right': 936, 'bottom': 921, 'width': 799, 'height': 844}, 'size': {'width': 799, 'height': 844}}
2026-09-29 17:01:44.735 | INFO     | winwatt_automation.live_ui.app_connector:select_main_window:234 - Selected main window process_id=1980 handle=None score=(1, 1, 1, 1, 674356) reasons=['has_process_id=True', 'has_handle=False', 'visible=True', 'enabled=True', 'title_has_winwatt=True', 'area=674356']
2026-09-29 17:01:44.735 | INFO     | winwatt_automation.live_ui.app_connector:_connect_with_win32_handle:293 - DBG_WINWATT_CONNECT_WIN32_SELECTED selected_payload={'title': 'WinWatt gólya - C:\\Users\\Dancs\\Documents\\GitHub\\autowinwatt\\winwatt_automation\\data\\runtime_maps\\versions\\winwatt_8c137b67c0a2214bb91aeae8\\20260929T10311393663', 'window_text': 'WinWatt gólya - C:\\Users\\Dancs\\Documents\\GitHub\\autowinwatt\\winwatt_automation\\data\\runtime_maps\\versions\\winwatt_8c137b67c0a2214bb91aeae8\\20260929T10311393663', 'class_name': 'TMainForm', 'control_type': None, 'process_id': 1980, 'handle': None, 'is_visible': True, 'is_enabled': True, 'rectangle': {'left': 137, 'top': 77, 'right': 936, 'bottom': 921, 'width': 799, 'height': 844}, 'size': {'width': 799, 'height': 844}} selected_handle_is_none=True
2026-09-29 17:01:44.735 | INFO     | winwatt_automation.live_ui.app_connector:_connect_with_win32_handle:336 - Connected to WinWatt backend=win32 attach_mode=process candidate={'process_id': 1980, 'handle': None, 'class_name': 'TMainForm', 'title': 'WinWatt gólya - C:\\Users\\Dancs\\Documents\\GitHub\\autowinwatt\\winwatt_automation\\data\\runtime_maps\\versions\\winwatt_8c137b67c0a2214bb91aeae8\\20260929T10311393663'}
2026-09-29 17:01:44.748 | INFO     | winwatt_automation.live_ui.app_connector:_connect_with_win32_handle:350 - DBG_WINWATT_CONNECT_WIN32_RESOLVED process_id=1980 resolved_handle=None selected_payload={'title': 'WinWatt gólya - C:\\Users\\Dancs\\Documents\\GitHub\\autowinwatt\\winwatt_automation\\data\\runtime_maps\\versions\\winwatt_8c137b67c0a2214bb91aeae8\\20260929T10311393663', 'window_text': 'WinWatt gólya - C:\\Users\\Dancs\\Documents\\GitHub\\autowinwatt\\winwatt_automation\\data\\runtime_maps\\versions\\winwatt_8c137b67c0a2214bb91aeae8\\20260929T10311393663', 'class_name': 'TMainForm', 'control_type': None, 'process_id': 1980, 'handle': None, 'is_visible': True, 'is_enabled': True, 'rectangle': {'left': 137, 'top': 77, 'right': 936, 'bottom': 921, 'width': 799, 'height': 844}, 'size': {'width': 799, 'height': 844}}
2026-09-29 17:01:44.748 | INFO     | winwatt_automation.live_ui.app_connector:_resolve_uia_main_window:382 - DBG_WINWATT_RESOLVE_UIA_WIN32_SELECTED selected_payload={'title': 'WinWatt gólya - C:\\Users\\Dancs\\Documents\\GitHub\\autowinwatt\\winwatt_automation\\data\\runtime_maps\\versions\\winwatt_8c137b67c0a2214bb91aeae8\\20260929T10311393663', 'window_text': 'WinWatt gólya - C:\\Users\\Dancs\\Documents\\GitHub\\autowinwatt\\winwatt_automation\\data\\runtime_maps\\versions\\winwatt_8c137b67c0a2214bb91aeae8\\20260929T10311393663', 'class_name': 'TMainForm', 'control_type': None, 'process_id': 1980, 'handle': None, 'is_visible': True, 'is_enabled': True, 'rectangle': {'left': 137, 'top': 77, 'right': 936, 'bottom': 921, 'width': 799, 'height': 844}, 'size': {'width': 799, 'height': 844}}
2026-09-29 17:01:44.748 | INFO     | winwatt_automation.live_ui.app_connector:_resolve_uia_main_window:388 - Connected to WinWatt backend=uia process_id=1980
2026-09-29 17:01:44.748 | INFO     | winwatt_automation.live_ui.app_connector:_resolve_uia_main_window:390 - Resolving main WinWatt window backend=uia class_name=TMainForm title_re=.*WinWatt.*
2026-09-29 17:01:45.035 | INFO     | winwatt_automation.live_ui.app_connector:_resolve_uia_main_window:400 - DBG_WINWATT_RESOLVE_UIA_PRIMARY selected_payload={'title': 'WinWatt gólya - C:\\Users\\Dancs\\Documents\\GitHub\\autowinwatt\\winwatt_automation\\data\\runtime_maps\\versions\\winwatt_8c137b67c0a2214bb91aeae8\\20260929T10311393663', 'window_text': 'WinWatt gólya - C:\\Users\\Dancs\\Documents\\GitHub\\autowinwatt\\winwatt_automation\\data\\runtime_maps\\versions\\winwatt_8c137b67c0a2214bb91aeae8\\20260929T10311393663', 'class_name': 'TMainForm', 'control_type': None, 'process_id': 1980, 'handle': None, 'is_visible': True, 'is_enabled': True, 'rectangle': {'left': 137, 'top': 77, 'right': 936, 'bottom': 921, 'width': 799, 'height': 844}, 'size': {'width': 799, 'height': 844}} primary_result={'wrapper_type': 'UIAWrapper', 'handle': 6621258, 'process_id': 1980, 'title': 'WinWatt gólya - C:\\Users\\Dancs\\Documents\\GitHub\\autowinwatt\\winwatt_automation\\data\\runtime_maps\\versions\\winwatt_8c137b67c0a2214bb91aeae8\\20260929T10311393663', 'class_name': 'TMainForm', 'control_type': 'Window'} identity_match_with_win32=None
2026-09-29 17:01:45.489 | INFO     | winwatt_automation.live_ui.menu_helpers:_menu_items:1101 - DBG_MENU_ITEMS_SUMMARY total_items=7 visible_items=7 topbar_band=(145, 85, 459, 127) topbar_band_visible_count=7 popup_region_visible_count=0 force_refresh=True handle=6621258
2026-09-29 17:01:45.533 | INFO     | winwatt_automation.live_ui.menu_helpers:list_top_menu_items:1141 - Top-level menu items (raw): ['Rendszer', 'Fájl', 'Jegyzékek', 'Eszközök', 'Beállítások', 'Ablak', 'Súgó']
2026-09-29 17:01:46.460 | INFO     | winwatt_automation.live_ui.menu_helpers:_menu_items:1101 - DBG_MENU_ITEMS_SUMMARY total_items=7 visible_items=7 topbar_band=(145, 85, 459, 127) topbar_band_visible_count=7 popup_region_visible_count=0 force_refresh=True handle=6621258
2026-09-29 17:01:46.499 | INFO     | winwatt_automation.live_ui.menu_helpers:list_top_menu_items:1141 - Top-level menu items (raw): ['Rendszer', 'Fájl', 'Jegyzékek', 'Eszközök', 'Beállítások', 'Ablak', 'Súgó']
2026-09-29 17:01:47.422 | INFO     | winwatt_automation.live_ui.menu_helpers:_menu_items:1101 - DBG_MENU_ITEMS_SUMMARY total_items=7 visible_items=7 topbar_band=(145, 85, 459, 127) topbar_band_visible_count=7 popup_region_visible_count=0 force_refresh=True handle=6621258
2026-09-29 17:01:47.466 | INFO     | winwatt_automation.live_ui.menu_helpers:list_top_menu_items:1141 - Top-level menu items (raw): ['Rendszer', 'Fájl', 'Jegyzékek', 'Eszközök', 'Beállítások', 'Ablak', 'Súgó']
2026-09-29 17:01:48.357 | INFO     | winwatt_automation.live_ui.menu_helpers:_menu_items:1101 - DBG_MENU_ITEMS_SUMMARY total_items=7 visible_items=7 topbar_band=(145, 85, 459, 127) topbar_band_visible_count=7 popup_region_visible_count=0 force_refresh=True handle=6621258
2026-09-29 17:01:48.400 | INFO     | winwatt_automation.live_ui.menu_helpers:list_top_menu_items:1141 - Top-level menu items (raw): ['Rendszer', 'Fájl', 'Jegyzékek', 'Eszközök', 'Beállítások', 'Ablak', 'Súgó']
2026-09-29 17:01:49.297 | INFO     | winwatt_automation.live_ui.menu_helpers:_menu_items:1101 - DBG_MENU_ITEMS_SUMMARY total_items=7 visible_items=7 topbar_band=(145, 85, 459, 127) topbar_band_visible_count=7 popup_region_visible_count=0 force_refresh=True handle=6621258
2026-09-29 17:01:49.333 | INFO     | winwatt_automation.live_ui.menu_helpers:list_top_menu_items:1141 - Top-level menu items (raw): ['Rendszer', 'Fájl', 'Jegyzékek', 'Eszközök', 'Beállítások', 'Ablak', 'Súgó']
2026-09-29 17:01:49.857 | INFO     | winwatt_automation.live_ui.app_connector:is_winwatt_foreground_context:1161 - DBG_WINWATT_FOREGROUND_CONTEXT expected_handle=6621258 expected_process_id=1980 expected_title=WinWatt gólya - C:\Users\Dancs\Documents\GitHub\autowinwatt\winwatt_automation\data\runtime_maps\versions\winwatt_8c137b67c0a2214bb91aeae8\20260929T10311393663 expected_class_name=TMainForm actual_foreground_handle=6621258 actual_foreground_process_id=1980 actual_foreground_title=WinWatt gólya - C:\Users\Dancs\Documents\GitHub\autowinwatt\winwatt_automation\data\runtime_maps\versions\winwatt_8c137b67c0a2214bb91aeae8\20260929T10311393663 actual_foreground_class_name=TMainForm allow_dialog=True result_reason=handle_match
2026-09-29 17:01:49.864 | INFO     | winwatt_automation.live_ui.app_connector:_cached_window_health_status:489 - DBG_WINWATT_CACHE_HEALTH reason_code=healthy payload={'wrapper_type': 'UIAWrapper', 'handle': 6621258, 'process_id': 1980, 'title': 'WinWatt gólya - C:\\Users\\Dancs\\Documents\\GitHub\\autowinwatt\\winwatt_automation\\data\\runtime_maps\\versions\\winwatt_8c137b67c0a2214bb91aeae8\\20260929T10311393663', 'class_name': 'TMainForm', 'control_type': 'Window'}
2026-09-29 17:01:50.291 | INFO     | winwatt_automation.live_ui.menu_helpers:_menu_items:1101 - DBG_MENU_ITEMS_SUMMARY total_items=7 visible_items=7 topbar_band=(145, 85, 459, 127) topbar_band_visible_count=7 popup_region_visible_count=0 force_refresh=True handle=6621258
2026-09-29 17:01:50.333 | INFO     | winwatt_automation.live_ui.menu_helpers:list_top_menu_items:1141 - Top-level menu items (raw): ['Rendszer', 'Fájl', 'Jegyzékek', 'Eszközök', 'Beállítások', 'Ablak', 'Súgó']
2026-09-29 17:01:51.248 | INFO     | winwatt_automation.live_ui.menu_helpers:_menu_items:1101 - DBG_MENU_ITEMS_SUMMARY total_items=7 visible_items=7 topbar_band=(145, 85, 459, 127) topbar_band_visible_count=7 popup_region_visible_count=0 force_refresh=True handle=6621258
2026-09-29 17:01:51.293 | INFO     | winwatt_automation.live_ui.menu_helpers:list_top_menu_items:1141 - Top-level menu items (raw): ['Rendszer', 'Fájl', 'Jegyzékek', 'Eszközök', 'Beállítások', 'Ablak', 'Súgó']
2026-09-29 17:01:52.233 | INFO     | winwatt_automation.live_ui.menu_helpers:_menu_items:1101 - DBG_MENU_ITEMS_SUMMARY total_items=7 visible_items=7 topbar_band=(145, 85, 459, 127) topbar_band_visible_count=7 popup_region_visible_count=0 force_refresh=True handle=6621258
2026-09-29 17:01:52.293 | INFO     | winwatt_automation.live_ui.menu_helpers:list_top_menu_items:1141 - Top-level menu items (raw): ['Rendszer', 'Fájl', 'Jegyzékek', 'Eszközök', 'Beállítások', 'Ablak', 'Súgó']
2026-09-29 17:01:53.215 | INFO     | winwatt_automation.live_ui.menu_helpers:_menu_items:1101 - DBG_MENU_ITEMS_SUMMARY total_items=7 visible_items=7 topbar_band=(145, 85, 459, 127) topbar_band_visible_count=7 popup_region_visible_count=0 force_refresh=True handle=6621258
2026-09-29 17:01:53.261 | INFO     | winwatt_automation.live_ui.menu_helpers:list_top_menu_items:1141 - Top-level menu items (raw): ['Rendszer', 'Fájl', 'Jegyzékek', 'Eszközök', 'Beállítások', 'Ablak', 'Súgó']
2026-09-29 17:01:53.869 | INFO     | winwatt_automation.live_ui.app_connector:is_winwatt_foreground_context:1161 - DBG_WINWATT_FOREGROUND_CONTEXT expected_handle=6621258 expected_process_id=1980 expected_title=WinWatt gólya - C:\Users\Dancs\Documents\GitHub\autowinwatt\winwatt_automation\data\runtime_maps\versions\winwatt_8c137b67c0a2214bb91aeae8\20260929T10311393663 expected_class_name=TMainForm actual_foreground_handle=6621258 actual_foreground_process_id=1980 actual_foreground_title=WinWatt gólya - C:\Users\Dancs\Documents\GitHub\autowinwatt\winwatt_automation\data\runtime_maps\versions\winwatt_8c137b67c0a2214bb91aeae8\20260929T10311393663 actual_foreground_class_name=TMainForm allow_dialog=True result_reason=handle_match
2026-09-29 17:01:53.870 | INFO     | winwatt_automation.live_ui.app_connector:_cached_window_health_status:489 - DBG_WINWATT_CACHE_HEALTH reason_code=healthy payload={'wrapper_type': 'UIAWrapper', 'handle': 6621258, 'process_id': 1980, 'title': 'WinWatt gólya - C:\\Users\\Dancs\\Documents\\GitHub\\autowinwatt\\winwatt_automation\\data\\runtime_maps\\versions\\winwatt_8c137b67c0a2214bb91aeae8\\20260929T10311393663', 'class_name': 'TMainForm', 'control_type': 'Window'}
2026-09-29 17:01:54.193 | INFO     | winwatt_automation.live_ui.menu_helpers:_menu_items:1101 - DBG_MENU_ITEMS_SUMMARY total_items=7 visible_items=7 topbar_band=(145, 85, 459, 127) topbar_band_visible_count=7 popup_region_visible_count=0 force_refresh=True handle=6621258
2026-09-29 17:01:54.233 | INFO     | winwatt_automation.live_ui.menu_helpers:list_top_menu_items:1141 - Top-level menu items (raw): ['Rendszer', 'Fájl', 'Jegyzékek', 'Eszközök', 'Beállítások', 'Ablak', 'Súgó']
2026-09-29 17:01:55.160 | INFO     | winwatt_automation.live_ui.menu_helpers:_menu_items:1101 - DBG_MENU_ITEMS_SUMMARY total_items=7 visible_items=7 topbar_band=(145, 85, 459, 127) topbar_band_visible_count=7 popup_region_visible_count=0 force_refresh=True handle=6621258
2026-09-29 17:01:55.200 | INFO     | winwatt_automation.live_ui.menu_helpers:list_top_menu_items:1141 - Top-level menu items (raw): ['Rendszer', 'Fájl', 'Jegyzékek', 'Eszközök', 'Beállítások', 'Ablak', 'Súgó']
2026-09-29 17:01:56.099 | INFO     | winwatt_automation.live_ui.menu_helpers:_menu_items:1101 - DBG_MENU_ITEMS_SUMMARY total_items=7 visible_items=7 topbar_band=(145, 85, 459, 127) topbar_band_visible_count=7 popup_region_visible_count=0 force_refresh=True handle=6621258
2026-09-29 17:01:56.158 | INFO     | winwatt_automation.live_ui.menu_helpers:list_top_menu_items:1141 - Top-level menu items (raw): ['Rendszer', 'Fájl', 'Jegyzékek', 'Eszközök', 'Beállítások', 'Ablak', 'Súgó']
2026-09-29 17:01:57.054 | INFO     | winwatt_automation.live_ui.menu_helpers:_menu_items:1101 - DBG_MENU_ITEMS_SUMMARY total_items=7 visible_items=7 topbar_band=(145, 85, 459, 127) topbar_band_visible_count=7 popup_region_visible_count=0 force_refresh=True handle=6621258
2026-09-29 17:01:57.100 | INFO     | winwatt_automation.live_ui.menu_helpers:list_top_menu_items:1141 - Top-level menu items (raw): ['Rendszer', 'Fájl', 'Jegyzékek', 'Eszközök', 'Beállítások', 'Ablak', 'Súgó']
2026-09-29 17:01:58.000 | INFO     | winwatt_automation.live_ui.menu_helpers:_menu_items:1101 - DBG_MENU_ITEMS_SUMMARY total_items=7 visible_items=7 topbar_band=(145, 85, 459, 127) topbar_band_visible_count=7 popup_region_visible_count=0 force_refresh=True handle=6621258
2026-09-29 17:01:58.057 | INFO     | winwatt_automation.live_ui.menu_helpers:list_top_menu_items:1141 - Top-level menu items (raw): ['Rendszer', 'Fájl', 'Jegyzékek', 'Eszközök', 'Beállítások', 'Ablak', 'Súgó']
2026-09-29 17:01:58.568 | INFO     | winwatt_automation.live_ui.app_connector:is_winwatt_foreground_context:1161 - DBG_WINWATT_FOREGROUND_CONTEXT expected_handle=6621258 expected_process_id=1980 expected_title=WinWatt gólya - C:\Users\Dancs\Documents\GitHub\autowinwatt\winwatt_automation\data\runtime_maps\versions\winwatt_8c137b67c0a2214bb91aeae8\20260929T10311393663 expected_class_name=TMainForm actual_foreground_handle=6621258 actual_foreground_process_id=1980 actual_foreground_title=WinWatt gólya - C:\Users\Dancs\Documents\GitHub\autowinwatt\winwatt_automation\data\runtime_maps\versions\winwatt_8c137b67c0a2214bb91aeae8\20260929T10311393663 actual_foreground_class_name=TMainForm allow_dialog=True result_reason=handle_match
2026-09-29 17:01:58.568 | INFO     | winwatt_automation.live_ui.app_connector:_cached_window_health_status:489 - DBG_WINWATT_CACHE_HEALTH reason_code=healthy payload={'wrapper_type': 'UIAWrapper', 'handle': 6621258, 'process_id': 1980, 'title': 'WinWatt gólya - C:\\Users\\Dancs\\Documents\\GitHub\\autowinwatt\\winwatt_automation\\data\\runtime_maps\\versions\\winwatt_8c137b67c0a2214bb91aeae8\\20260929T10311393663', 'class_name': 'TMainForm', 'control_type': 'Window'}
2026-09-29 17:01:58.984 | INFO     | winwatt_automation.live_ui.menu_helpers:_menu_items:1101 - DBG_MENU_ITEMS_SUMMARY total_items=7 visible_items=7 topbar_band=(145, 85, 459, 127) topbar_band_visible_count=7 popup_region_visible_count=0 force_refresh=True handle=6621258
2026-09-29 17:01:59.030 | INFO     | winwatt_automation.live_ui.menu_helpers:list_top_menu_items:1141 - Top-level menu items (raw): ['Rendszer', 'Fájl', 'Jegyzékek', 'Eszközök', 'Beállítások', 'Ablak', 'Súgó']
2026-09-29 17:01:59.983 | INFO     | winwatt_automation.live_ui.menu_helpers:_menu_items:1101 - DBG_MENU_ITEMS_SUMMARY total_items=7 visible_items=7 topbar_band=(145, 85, 459, 127) topbar_band_visible_count=7 popup_region_visible_count=0 force_refresh=True handle=6621258
2026-09-29 17:02:00.016 | INFO     | winwatt_automation.live_ui.menu_helpers:list_top_menu_items:1141 - Top-level menu items (raw): ['Rendszer', 'Fájl', 'Jegyzékek', 'Eszközök', 'Beállítások', 'Ablak', 'Súgó']
2026-09-29 17:02:00.934 | INFO     | winwatt_automation.live_ui.menu_helpers:_menu_items:1101 - DBG_MENU_ITEMS_SUMMARY total_items=7 visible_items=7 topbar_band=(145, 85, 459, 127) topbar_band_visible_count=7 popup_region_visible_count=0 force_refresh=True handle=6621258
2026-09-29 17:02:00.986 | INFO     | winwatt_automation.live_ui.menu_helpers:list_top_menu_items:1141 - Top-level menu items (raw): ['Rendszer', 'Fájl', 'Jegyzékek', 'Eszközök', 'Beállítások', 'Ablak', 'Súgó']
2026-09-29 17:02:01.878 | INFO     | winwatt_automation.live_ui.menu_helpers:_menu_items:1101 - DBG_MENU_ITEMS_SUMMARY total_items=7 visible_items=7 topbar_band=(145, 85, 459, 127) topbar_band_visible_count=7 popup_region_visible_count=0 force_refresh=True handle=6621258
2026-09-29 17:02:01.926 | INFO     | winwatt_automation.live_ui.menu_helpers:list_top_menu_items:1141 - Top-level menu items (raw): ['Rendszer', 'Fájl', 'Jegyzékek', 'Eszközök', 'Beállítások', 'Ablak', 'Súgó']
2026-09-29 17:02:02.842 | INFO     | winwatt_automation.live_ui.menu_helpers:_menu_items:1101 - DBG_MENU_ITEMS_SUMMARY total_items=7 visible_items=7 topbar_band=(145, 85, 459, 127) topbar_band_visible_count=7 popup_region_visible_count=0 force_refresh=True handle=6621258
2026-09-29 17:02:02.894 | INFO     | winwatt_automation.live_ui.menu_helpers:list_top_menu_items:1141 - Top-level menu items (raw): ['Rendszer', 'Fájl', 'Jegyzékek', 'Eszközök', 'Beállítások', 'Ablak', 'Súgó']
2026-09-29 17:02:03.400 | INFO     | winwatt_automation.live_ui.app_connector:is_winwatt_foreground_context:1161 - DBG_WINWATT_FOREGROUND_CONTEXT expected_handle=6621258 expected_process_id=1980 expected_title=WinWatt gólya - C:\Users\Dancs\Documents\GitHub\autowinwatt\winwatt_automation\data\runtime_maps\versions\winwatt_8c137b67c0a2214bb91aeae8\20260929T10311393663 expected_class_name=TMainForm actual_foreground_handle=6621258 actual_foreground_process_id=1980 actual_foreground_title=WinWatt gólya - C:\Users\Dancs\Documents\GitHub\autowinwatt\winwatt_automation\data\runtime_maps\versions\winwatt_8c137b67c0a2214bb91aeae8\20260929T10311393663 actual_foreground_class_name=TMainForm allow_dialog=True result_reason=handle_match
2026-09-29 17:02:03.400 | INFO     | winwatt_automation.live_ui.app_connector:_cached_window_health_status:489 - DBG_WINWATT_CACHE_HEALTH reason_code=healthy payload={'wrapper_type': 'UIAWrapper', 'handle': 6621258, 'process_id': 1980, 'title': 'WinWatt gólya - C:\\Users\\Dancs\\Documents\\GitHub\\autowinwatt\\winwatt_automation\\data\\runtime_maps\\versions\\winwatt_8c137b67c0a2214bb91aeae8\\20260929T10311393663', 'class_name': 'TMainForm', 'control_type': 'Window'}
2026-09-29 17:02:03.800 | INFO     | winwatt_automation.live_ui.menu_helpers:_menu_items:1101 - DBG_MENU_ITEMS_SUMMARY total_items=7 visible_items=7 topbar_band=(145, 85, 459, 127) topbar_band_visible_count=7 popup_region_visible_count=0 force_refresh=True handle=6621258
2026-09-29 17:02:03.850 | INFO     | winwatt_automation.live_ui.menu_helpers:list_top_menu_items:1141 - Top-level menu items (raw): ['Rendszer', 'Fájl', 'Jegyzékek', 'Eszközök', 'Beállítások', 'Ablak', 'Súgó']
2026-09-29 17:02:04.766 | INFO     | winwatt_automation.live_ui.menu_helpers:_menu_items:1101 - DBG_MENU_ITEMS_SUMMARY total_items=7 visible_items=7 topbar_band=(145, 85, 459, 127) topbar_band_visible_count=7 popup_region_visible_count=0 force_refresh=True handle=6621258
2026-09-29 17:02:04.800 | INFO     | winwatt_automation.live_ui.menu_helpers:list_top_menu_items:1141 - Top-level menu items (raw): ['Rendszer', 'Fájl', 'Jegyzékek', 'Eszközök', 'Beállítások', 'Ablak', 'Súgó']
2026-09-29 17:02:05.700 | INFO     | winwatt_automation.live_ui.menu_helpers:_menu_items:1101 - DBG_MENU_ITEMS_SUMMARY total_items=7 visible_items=7 topbar_band=(145, 85, 459, 127) topbar_band_visible_count=7 popup_region_visible_count=0 force_refresh=True handle=6621258
2026-09-29 17:02:05.756 | INFO     | winwatt_automation.live_ui.menu_helpers:list_top_menu_items:1141 - Top-level menu items (raw): ['Rendszer', 'Fájl', 'Jegyzékek', 'Eszközök', 'Beállítások', 'Ablak', 'Súgó']
2026-09-29 17:02:06.633 | INFO     | winwatt_automation.live_ui.menu_helpers:_menu_items:1101 - DBG_MENU_ITEMS_SUMMARY total_items=7 visible_items=7 topbar_band=(145, 85, 459, 127) topbar_band_visible_count=7 popup_region_visible_count=0 force_refresh=True handle=6621258
2026-09-29 17:02:06.666 | INFO     | winwatt_automation.live_ui.menu_helpers:list_top_menu_items:1141 - Top-level menu items (raw): ['Rendszer', 'Fájl', 'Jegyzékek', 'Eszközök', 'Beállítások', 'Ablak', 'Súgó']
2026-09-29 17:02:07.575 | INFO     | winwatt_automation.live_ui.menu_helpers:_menu_items:1101 - DBG_MENU_ITEMS_SUMMARY total_items=7 visible_items=7 topbar_band=(145, 85, 459, 127) topbar_band_visible_count=7 popup_region_visible_count=0 force_refresh=True handle=6621258
2026-09-29 17:02:07.627 | INFO     | winwatt_automation.live_ui.menu_helpers:list_top_menu_items:1141 - Top-level menu items (raw): ['Rendszer', 'Fájl', 'Jegyzékek', 'Eszközök', 'Beállítások', 'Ablak', 'Súgó']
2026-09-29 17:02:08.134 | INFO     | winwatt_automation.live_ui.app_connector:is_winwatt_foreground_context:1161 - DBG_WINWATT_FOREGROUND_CONTEXT expected_handle=6621258 expected_process_id=1980 expected_title=WinWatt gólya - C:\Users\Dancs\Documents\GitHub\autowinwatt\winwatt_automation\data\runtime_maps\versions\winwatt_8c137b67c0a2214bb91aeae8\20260929T10311393663 expected_class_name=TMainForm actual_foreground_handle=6621258 actual_foreground_process_id=1980 actual_foreground_title=WinWatt gólya - C:\Users\Dancs\Documents\GitHub\autowinwatt\winwatt_automation\data\runtime_maps\versions\winwatt_8c137b67c0a2214bb91aeae8\20260929T10311393663 actual_foreground_class_name=TMainForm allow_dialog=True result_reason=handle_match
2026-09-29 17:02:08.134 | INFO     | winwatt_automation.live_ui.app_connector:_cached_window_health_status:489 - DBG_WINWATT_CACHE_HEALTH reason_code=healthy payload={'wrapper_type': 'UIAWrapper', 'handle': 6621258, 'process_id': 1980, 'title': 'WinWatt gólya - C:\\Users\\Dancs\\Documents\\GitHub\\autowinwatt\\winwatt_automation\\data\\runtime_maps\\versions\\winwatt_8c137b67c0a2214bb91aeae8\\20260929T10311393663', 'class_name': 'TMainForm', 'control_type': 'Window'}
2026-09-29 17:02:08.519 | INFO     | winwatt_automation.live_ui.menu_helpers:_menu_items:1101 - DBG_MENU_ITEMS_SUMMARY total_items=7 visible_items=7 topbar_band=(145, 85, 459, 127) topbar_band_visible_count=7 popup_region_visible_count=0 force_refresh=True handle=6621258
2026-09-29 17:02:08.566 | INFO     | winwatt_automation.live_ui.menu_helpers:list_top_menu_items:1141 - Top-level menu items (raw): ['Rendszer', 'Fájl', 'Jegyzékek', 'Eszközök', 'Beállítások', 'Ablak', 'Súgó']
2026-09-29 17:02:09.467 | INFO     | winwatt_automation.live_ui.menu_helpers:_menu_items:1101 - DBG_MENU_ITEMS_SUMMARY total_items=7 visible_items=7 topbar_band=(145, 85, 459, 127) topbar_band_visible_count=7 popup_region_visible_count=0 force_refresh=True handle=6621258
2026-09-29 17:02:09.522 | INFO     | winwatt_automation.live_ui.menu_helpers:list_top_menu_items:1141 - Top-level menu items (raw): ['Rendszer', 'Fájl', 'Jegyzékek', 'Eszközök', 'Beállítások', 'Ablak', 'Súgó']
2026-09-29 17:02:10.420 | INFO     | winwatt_automation.live_ui.menu_helpers:_menu_items:1101 - DBG_MENU_ITEMS_SUMMARY total_items=7 visible_items=7 topbar_band=(145, 85, 459, 127) topbar_band_visible_count=7 popup_region_visible_count=0 force_refresh=True handle=6621258
2026-09-29 17:02:10.466 | INFO     | winwatt_automation.live_ui.menu_helpers:list_top_menu_items:1141 - Top-level menu items (raw): ['Rendszer', 'Fájl', 'Jegyzékek', 'Eszközök', 'Beállítások', 'Ablak', 'Súgó']
2026-09-29 17:02:11.366 | INFO     | winwatt_automation.live_ui.menu_helpers:_menu_items:1101 - DBG_MENU_ITEMS_SUMMARY total_items=7 visible_items=7 topbar_band=(145, 85, 459, 127) topbar_band_visible_count=7 popup_region_visible_count=0 force_refresh=True handle=6621258
2026-09-29 17:02:11.415 | INFO     | winwatt_automation.live_ui.menu_helpers:list_top_menu_items:1141 - Top-level menu items (raw): ['Rendszer', 'Fájl', 'Jegyzékek', 'Eszközök', 'Beállítások', 'Ablak', 'Súgó']
2026-09-29 17:02:12.333 | INFO     | winwatt_automation.live_ui.menu_helpers:_menu_items:1101 - DBG_MENU_ITEMS_SUMMARY total_items=7 visible_items=7 topbar_band=(145, 85, 459, 127) topbar_band_visible_count=7 popup_region_visible_count=0 force_refresh=True handle=6621258
2026-09-29 17:02:12.393 | INFO     | winwatt_automation.live_ui.menu_helpers:list_top_menu_items:1141 - Top-level menu items (raw): ['Rendszer', 'Fájl', 'Jegyzékek', 'Eszközök', 'Beállítások', 'Ablak', 'Súgó']
2026-09-29 17:02:12.900 | INFO     | winwatt_automation.live_ui.app_connector:is_winwatt_foreground_context:1161 - DBG_WINWATT_FOREGROUND_CONTEXT expected_handle=6621258 expected_process_id=1980 expected_title=WinWatt gólya - C:\Users\Dancs\Documents\GitHub\autowinwatt\winwatt_automation\data\runtime_maps\versions\winwatt_8c137b67c0a2214bb91aeae8\20260929T10311393663 expected_class_name=TMainForm actual_foreground_handle=6621258 actual_foreground_process_id=1980 actual_foreground_title=WinWatt gólya - C:\Users\Dancs\Documents\GitHub\autowinwatt\winwatt_automation\data\runtime_maps\versions\winwatt_8c137b67c0a2214bb91aeae8\20260929T10311393663 actual_foreground_class_name=TMainForm allow_dialog=True result_reason=handle_match
2026-09-29 17:02:12.900 | INFO     | winwatt_automation.live_ui.app_connector:_cached_window_health_status:489 - DBG_WINWATT_CACHE_HEALTH reason_code=healthy payload={'wrapper_type': 'UIAWrapper', 'handle': 6621258, 'process_id': 1980, 'title': 'WinWatt gólya - C:\\Users\\Dancs\\Documents\\GitHub\\autowinwatt\\winwatt_automation\\data\\runtime_maps\\versions\\winwatt_8c137b67c0a2214bb91aeae8\\20260929T10311393663', 'class_name': 'TMainForm', 'control_type': 'Window'}
2026-09-29 17:02:13.300 | INFO     | winwatt_automation.live_ui.menu_helpers:_menu_items:1101 - DBG_MENU_ITEMS_SUMMARY total_items=7 visible_items=7 topbar_band=(145, 85, 459, 127) topbar_band_visible_count=7 popup_region_visible_count=0 force_refresh=True handle=6621258
2026-09-29 17:02:13.357 | INFO     | winwatt_automation.live_ui.menu_helpers:list_top_menu_items:1141 - Top-level menu items (raw): ['Rendszer', 'Fájl', 'Jegyzékek', 'Eszközök', 'Beállítások', 'Ablak', 'Súgó']
2026-09-29 17:02:14.266 | INFO     | winwatt_automation.live_ui.menu_helpers:_menu_items:1101 - DBG_MENU_ITEMS_SUMMARY total_items=7 visible_items=7 topbar_band=(145, 85, 459, 127) topbar_band_visible_count=7 popup_region_visible_count=0 force_refresh=True handle=6621258
2026-09-29 17:02:14.300 | INFO     | winwatt_automation.live_ui.menu_helpers:list_top_menu_items:1141 - Top-level menu items (raw): ['Rendszer', 'Fájl', 'Jegyzékek', 'Eszközök', 'Beállítások', 'Ablak', 'Súgó']
2026-09-29 17:02:15.228 | INFO     | winwatt_automation.live_ui.menu_helpers:_menu_items:1101 - DBG_MENU_ITEMS_SUMMARY total_items=7 visible_items=7 topbar_band=(145, 85, 459, 127) topbar_band_visible_count=7 popup_region_visible_count=0 force_refresh=True handle=6621258
2026-09-29 17:02:15.267 | INFO     | winwatt_automation.live_ui.menu_helpers:list_top_menu_items:1141 - Top-level menu items (raw): ['Rendszer', 'Fájl', 'Jegyzékek', 'Eszközök', 'Beállítások', 'Ablak', 'Súgó']
2026-09-29 17:02:16.159 | INFO     | winwatt_automation.live_ui.menu_helpers:_menu_items:1101 - DBG_MENU_ITEMS_SUMMARY total_items=7 visible_items=7 topbar_band=(145, 85, 459, 127) topbar_band_visible_count=7 popup_region_visible_count=0 force_refresh=True handle=6621258
2026-09-29 17:02:16.200 | INFO     | winwatt_automation.live_ui.menu_helpers:list_top_menu_items:1141 - Top-level menu items (raw): ['Rendszer', 'Fájl', 'Jegyzékek', 'Eszközök', 'Beállítások', 'Ablak', 'Súgó']
2026-09-29 17:02:17.124 | INFO     | winwatt_automation.live_ui.menu_helpers:_menu_items:1101 - DBG_MENU_ITEMS_SUMMARY total_items=7 visible_items=7 topbar_band=(145, 85, 459, 127) topbar_band_visible_count=7 popup_region_visible_count=0 force_refresh=True handle=6621258
2026-09-29 17:02:17.166 | INFO     | winwatt_automation.live_ui.menu_helpers:list_top_menu_items:1141 - Top-level menu items (raw): ['Rendszer', 'Fájl', 'Jegyzékek', 'Eszközök', 'Beállítások', 'Ablak', 'Súgó']
2026-09-29 17:02:17.691 | INFO     | winwatt_automation.live_ui.app_connector:is_winwatt_foreground_context:1161 - DBG_WINWATT_FOREGROUND_CONTEXT expected_handle=6621258 expected_process_id=1980 expected_title=WinWatt gólya - C:\Users\Dancs\Documents\GitHub\autowinwatt\winwatt_automation\data\runtime_maps\versions\winwatt_8c137b67c0a2214bb91aeae8\20260929T10311393663 expected_class_name=TMainForm actual_foreground_handle=6621258 actual_foreground_process_id=1980 actual_foreground_title=WinWatt gólya - C:\Users\Dancs\Documents\GitHub\autowinwatt\winwatt_automation\data\runtime_maps\versions\winwatt_8c137b67c0a2214bb91aeae8\20260929T10311393663 actual_foreground_class_name=TMainForm allow_dialog=True result_reason=handle_match
2026-09-29 17:02:17.698 | INFO     | winwatt_automation.live_ui.app_connector:_cached_window_health_status:489 - DBG_WINWATT_CACHE_HEALTH reason_code=healthy payload={'wrapper_type': 'UIAWrapper', 'handle': 6621258, 'process_id': 1980, 'title': 'WinWatt gólya - C:\\Users\\Dancs\\Documents\\GitHub\\autowinwatt\\winwatt_automation\\data\\runtime_maps\\versions\\winwatt_8c137b67c0a2214bb91aeae8\\20260929T10311393663', 'class_name': 'TMainForm', 'control_type': 'Window'}
2026-09-29 17:02:18.100 | INFO     | winwatt_automation.live_ui.menu_helpers:_menu_items:1101 - DBG_MENU_ITEMS_SUMMARY total_items=7 visible_items=7 topbar_band=(145, 85, 459, 127) topbar_band_visible_count=7 popup_region_visible_count=0 force_refresh=True handle=6621258
2026-09-29 17:02:18.164 | INFO     | winwatt_automation.live_ui.menu_helpers:list_top_menu_items:1141 - Top-level menu items (raw): ['Rendszer', 'Fájl', 'Jegyzékek', 'Eszközök', 'Beállítások', 'Ablak', 'Súgó']
2026-09-29 17:02:19.049 | INFO     | winwatt_automation.live_ui.menu_helpers:_menu_items:1101 - DBG_MENU_ITEMS_SUMMARY total_items=7 visible_items=7 topbar_band=(145, 85, 459, 127) topbar_band_visible_count=7 popup_region_visible_count=0 force_refresh=True handle=6621258
2026-09-29 17:02:19.097 | INFO     | winwatt_automation.live_ui.menu_helpers:list_top_menu_items:1141 - Top-level menu items (raw): ['Rendszer', 'Fájl', 'Jegyzékek', 'Eszközök', 'Beállítások', 'Ablak', 'Súgó']
2026-09-29 17:02:20.029 | INFO     | winwatt_automation.live_ui.menu_helpers:_menu_items:1101 - DBG_MENU_ITEMS_SUMMARY total_items=7 visible_items=7 topbar_band=(145, 85, 459, 127) topbar_band_visible_count=7 popup_region_visible_count=0 force_refresh=True handle=6621258
2026-09-29 17:02:20.069 | INFO     | winwatt_automation.live_ui.menu_helpers:list_top_menu_items:1141 - Top-level menu items (raw): ['Rendszer', 'Fájl', 'Jegyzékek', 'Eszközök', 'Beállítások', 'Ablak', 'Súgó']
2026-09-29 17:02:20.984 | INFO     | winwatt_automation.live_ui.menu_helpers:_menu_items:1101 - DBG_MENU_ITEMS_SUMMARY total_items=7 visible_items=7 topbar_band=(145, 85, 459, 127) topbar_band_visible_count=7 popup_region_visible_count=0 force_refresh=True handle=6621258
2026-09-29 17:02:21.028 | INFO     | winwatt_automation.live_ui.menu_helpers:list_top_menu_items:1141 - Top-level menu items (raw): ['Rendszer', 'Fájl', 'Jegyzékek', 'Eszközök', 'Beállítások', 'Ablak', 'Súgó']
2026-09-29 17:02:21.951 | INFO     | winwatt_automation.live_ui.menu_helpers:_menu_items:1101 - DBG_MENU_ITEMS_SUMMARY total_items=7 visible_items=7 topbar_band=(145, 85, 459, 127) topbar_band_visible_count=7 popup_region_visible_count=0 force_refresh=True handle=6621258
2026-09-29 17:02:21.999 | INFO     | winwatt_automation.live_ui.menu_helpers:list_top_menu_items:1141 - Top-level menu items (raw): ['Rendszer', 'Fájl', 'Jegyzékek', 'Eszközök', 'Beállítások', 'Ablak', 'Súgó']
2026-09-29 17:02:22.503 | INFO     | winwatt_automation.live_ui.app_connector:is_winwatt_foreground_context:1161 - DBG_WINWATT_FOREGROUND_CONTEXT expected_handle=6621258 expected_process_id=1980 expected_title=WinWatt gólya - C:\Users\Dancs\Documents\GitHub\autowinwatt\winwatt_automation\data\runtime_maps\versions\winwatt_8c137b67c0a2214bb91aeae8\20260929T10311393663 expected_class_name=TMainForm actual_foreground_handle=6621258 actual_foreground_process_id=1980 actual_foreground_title=WinWatt gólya - C:\Users\Dancs\Documents\GitHub\autowinwatt\winwatt_automation\data\runtime_maps\versions\winwatt_8c137b67c0a2214bb91aeae8\20260929T10311393663 actual_foreground_class_name=TMainForm allow_dialog=True result_reason=handle_match
2026-09-29 17:02:22.523 | INFO     | winwatt_automation.live_ui.app_connector:_cached_window_health_status:489 - DBG_WINWATT_CACHE_HEALTH reason_code=healthy payload={'wrapper_type': 'UIAWrapper', 'handle': 6621258, 'process_id': 1980, 'title': 'WinWatt gólya - C:\\Users\\Dancs\\Documents\\GitHub\\autowinwatt\\winwatt_automation\\data\\runtime_maps\\versions\\winwatt_8c137b67c0a2214bb91aeae8\\20260929T10311393663', 'class_name': 'TMainForm', 'control_type': 'Window'}
2026-09-29 17:02:22.933 | INFO     | winwatt_automation.live_ui.menu_helpers:_menu_items:1101 - DBG_MENU_ITEMS_SUMMARY total_items=7 visible_items=7 topbar_band=(145, 85, 459, 127) topbar_band_visible_count=7 popup_region_visible_count=0 force_refresh=True handle=6621258
2026-09-29 17:02:22.988 | INFO     | winwatt_automation.live_ui.menu_helpers:list_top_menu_items:1141 - Top-level menu items (raw): ['Rendszer', 'Fájl', 'Jegyzékek', 'Eszközök', 'Beállítások', 'Ablak', 'Súgó']
2026-09-29 17:02:23.916 | INFO     | winwatt_automation.live_ui.menu_helpers:_menu_items:1101 - DBG_MENU_ITEMS_SUMMARY total_items=7 visible_items=7 topbar_band=(145, 85, 459, 127) topbar_band_visible_count=7 popup_region_visible_count=0 force_refresh=True handle=6621258
2026-09-29 17:02:23.950 | INFO     | winwatt_automation.live_ui.menu_helpers:list_top_menu_items:1141 - Top-level menu items (raw): ['Rendszer', 'Fájl', 'Jegyzékek', 'Eszközök', 'Beállítások', 'Ablak', 'Súgó']
2026-09-29 17:02:24.881 | INFO     | winwatt_automation.live_ui.menu_helpers:_menu_items:1101 - DBG_MENU_ITEMS_SUMMARY total_items=7 visible_items=7 topbar_band=(145, 85, 459, 127) topbar_band_visible_count=7 popup_region_visible_count=0 force_refresh=True handle=6621258
2026-09-29 17:02:24.930 | INFO     | winwatt_automation.live_ui.menu_helpers:list_top_menu_items:1141 - Top-level menu items (raw): ['Rendszer', 'Fájl', 'Jegyzékek', 'Eszközök', 'Beállítások', 'Ablak', 'Súgó']
2026-09-29 17:02:25.857 | INFO     | winwatt_automation.live_ui.menu_helpers:_menu_items:1101 - DBG_MENU_ITEMS_SUMMARY total_items=7 visible_items=7 topbar_band=(145, 85, 459, 127) topbar_band_visible_count=7 popup_region_visible_count=0 force_refresh=True handle=6621258
2026-09-29 17:02:25.900 | INFO     | winwatt_automation.live_ui.menu_helpers:list_top_menu_items:1141 - Top-level menu items (raw): ['Rendszer', 'Fájl', 'Jegyzékek', 'Eszközök', 'Beállítások', 'Ablak', 'Súgó']
2026-09-29 17:02:26.800 | INFO     | winwatt_automation.live_ui.menu_helpers:_menu_items:1101 - DBG_MENU_ITEMS_SUMMARY total_items=7 visible_items=7 topbar_band=(145, 85, 459, 127) topbar_band_visible_count=7 popup_region_visible_count=0 force_refresh=True handle=6621258
2026-09-29 17:02:26.855 | INFO     | winwatt_automation.live_ui.menu_helpers:list_top_menu_items:1141 - Top-level menu items (raw): ['Rendszer', 'Fájl', 'Jegyzékek', 'Eszközök', 'Beállítások', 'Ablak', 'Súgó']
2026-09-29 17:02:27.367 | INFO     | winwatt_automation.live_ui.app_connector:is_winwatt_foreground_context:1161 - DBG_WINWATT_FOREGROUND_CONTEXT expected_handle=6621258 expected_process_id=1980 expected_title=WinWatt gólya - C:\Users\Dancs\Documents\GitHub\autowinwatt\winwatt_automation\data\runtime_maps\versions\winwatt_8c137b67c0a2214bb91aeae8\20260929T10311393663 expected_class_name=TMainForm actual_foreground_handle=6621258 actual_foreground_process_id=1980 actual_foreground_title=WinWatt gólya - C:\Users\Dancs\Documents\GitHub\autowinwatt\winwatt_automation\data\runtime_maps\versions\winwatt_8c137b67c0a2214bb91aeae8\20260929T10311393663 actual_foreground_class_name=TMainForm allow_dialog=True result_reason=handle_match
2026-09-29 17:02:27.367 | INFO     | winwatt_automation.live_ui.app_connector:_cached_window_health_status:489 - DBG_WINWATT_CACHE_HEALTH reason_code=healthy payload={'wrapper_type': 'UIAWrapper', 'handle': 6621258, 'process_id': 1980, 'title': 'WinWatt gólya - C:\\Users\\Dancs\\Documents\\GitHub\\autowinwatt\\winwatt_automation\\data\\runtime_maps\\versions\\winwatt_8c137b67c0a2214bb91aeae8\\20260929T10311393663', 'class_name': 'TMainForm', 'control_type': 'Window'}
2026-09-29 17:02:27.767 | INFO     | winwatt_automation.live_ui.menu_helpers:_menu_items:1101 - DBG_MENU_ITEMS_SUMMARY total_items=7 visible_items=7 topbar_band=(145, 85, 459, 127) topbar_band_visible_count=7 popup_region_visible_count=0 force_refresh=True handle=6621258
2026-09-29 17:02:27.816 | INFO     | winwatt_automation.live_ui.menu_helpers:list_top_menu_items:1141 - Top-level menu items (raw): ['Rendszer', 'Fájl', 'Jegyzékek', 'Eszközök', 'Beállítások', 'Ablak', 'Súgó']
2026-09-29 17:02:28.729 | INFO     | winwatt_automation.live_ui.menu_helpers:_menu_items:1101 - DBG_MENU_ITEMS_SUMMARY total_items=7 visible_items=7 topbar_band=(145, 85, 459, 127) topbar_band_visible_count=7 popup_region_visible_count=0 force_refresh=True handle=6621258
2026-09-29 17:02:28.766 | INFO     | winwatt_automation.live_ui.menu_helpers:list_top_menu_items:1141 - Top-level menu items (raw): ['Rendszer', 'Fájl', 'Jegyzékek', 'Eszközök', 'Beállítások', 'Ablak', 'Súgó']
2026-09-29 17:02:29.726 | INFO     | winwatt_automation.live_ui.menu_helpers:_menu_items:1101 - DBG_MENU_ITEMS_SUMMARY total_items=7 visible_items=7 topbar_band=(145, 85, 459, 127) topbar_band_visible_count=7 popup_region_visible_count=0 force_refresh=True handle=6621258
2026-09-29 17:02:29.766 | INFO     | winwatt_automation.live_ui.menu_helpers:list_top_menu_items:1141 - Top-level menu items (raw): ['Rendszer', 'Fájl', 'Jegyzékek', 'Eszközök', 'Beállítások', 'Ablak', 'Súgó']
2026-09-29 17:02:30.666 | INFO     | winwatt_automation.live_ui.menu_helpers:_menu_items:1101 - DBG_MENU_ITEMS_SUMMARY total_items=7 visible_items=7 topbar_band=(145, 85, 459, 127) topbar_band_visible_count=7 popup_region_visible_count=0 force_refresh=True handle=6621258
2026-09-29 17:02:30.716 | INFO     | winwatt_automation.live_ui.menu_helpers:list_top_menu_items:1141 - Top-level menu items (raw): ['Rendszer', 'Fájl', 'Jegyzékek', 'Eszközök', 'Beállítások', 'Ablak', 'Súgó']
2026-09-29 17:02:31.600 | INFO     | winwatt_automation.live_ui.menu_helpers:_menu_items:1101 - DBG_MENU_ITEMS_SUMMARY total_items=7 visible_items=7 topbar_band=(145, 85, 459, 127) topbar_band_visible_count=7 popup_region_visible_count=0 force_refresh=True handle=6621258
2026-09-29 17:02:31.651 | INFO     | winwatt_automation.live_ui.menu_helpers:list_top_menu_items:1141 - Top-level menu items (raw): ['Rendszer', 'Fájl', 'Jegyzékek', 'Eszközök', 'Beállítások', 'Ablak', 'Súgó']
2026-09-29 17:02:32.158 | INFO     | winwatt_automation.live_ui.app_connector:is_winwatt_foreground_context:1161 - DBG_WINWATT_FOREGROUND_CONTEXT expected_handle=6621258 expected_process_id=1980 expected_title=WinWatt gólya - C:\Users\Dancs\Documents\GitHub\autowinwatt\winwatt_automation\data\runtime_maps\versions\winwatt_8c137b67c0a2214bb91aeae8\20260929T10311393663 expected_class_name=TMainForm actual_foreground_handle=6621258 actual_foreground_process_id=1980 actual_foreground_title=WinWatt gólya - C:\Users\Dancs\Documents\GitHub\autowinwatt\winwatt_automation\data\runtime_maps\versions\winwatt_8c137b67c0a2214bb91aeae8\20260929T10311393663 actual_foreground_class_name=TMainForm allow_dialog=True result_reason=handle_match
2026-09-29 17:02:32.158 | INFO     | winwatt_automation.live_ui.app_connector:_cached_window_health_status:489 - DBG_WINWATT_CACHE_HEALTH reason_code=healthy payload={'wrapper_type': 'UIAWrapper', 'handle': 6621258, 'process_id': 1980, 'title': 'WinWatt gólya - C:\\Users\\Dancs\\Documents\\GitHub\\autowinwatt\\winwatt_automation\\data\\runtime_maps\\versions\\winwatt_8c137b67c0a2214bb91aeae8\\20260929T10311393663', 'class_name': 'TMainForm', 'control_type': 'Window'}
2026-09-29 17:02:32.566 | INFO     | winwatt_automation.live_ui.menu_helpers:_menu_items:1101 - DBG_MENU_ITEMS_SUMMARY total_items=7 visible_items=7 topbar_band=(145, 85, 459, 127) topbar_band_visible_count=7 popup_region_visible_count=0 force_refresh=True handle=6621258
2026-09-29 17:02:32.617 | INFO     | winwatt_automation.live_ui.menu_helpers:list_top_menu_items:1141 - Top-level menu items (raw): ['Rendszer', 'Fájl', 'Jegyzékek', 'Eszközök', 'Beállítások', 'Ablak', 'Súgó']
2026-09-29 17:02:33.518 | INFO     | winwatt_automation.live_ui.menu_helpers:_menu_items:1101 - DBG_MENU_ITEMS_SUMMARY total_items=7 visible_items=7 topbar_band=(145, 85, 459, 127) topbar_band_visible_count=7 popup_region_visible_count=0 force_refresh=True handle=6621258
2026-09-29 17:02:33.564 | INFO     | winwatt_automation.live_ui.menu_helpers:list_top_menu_items:1141 - Top-level menu items (raw): ['Rendszer', 'Fájl', 'Jegyzékek', 'Eszközök', 'Beállítások', 'Ablak', 'Súgó']
2026-09-29 17:02:34.492 | INFO     | winwatt_automation.live_ui.menu_helpers:_menu_items:1101 - DBG_MENU_ITEMS_SUMMARY total_items=7 visible_items=7 topbar_band=(145, 85, 459, 127) topbar_band_visible_count=7 popup_region_visible_count=0 force_refresh=True handle=6621258
2026-09-29 17:02:34.533 | INFO     | winwatt_automation.live_ui.menu_helpers:list_top_menu_items:1141 - Top-level menu items (raw): ['Rendszer', 'Fájl', 'Jegyzékek', 'Eszközök', 'Beállítások', 'Ablak', 'Súgó']
2026-09-29 17:02:35.452 | INFO     | winwatt_automation.live_ui.menu_helpers:_menu_items:1101 - DBG_MENU_ITEMS_SUMMARY total_items=7 visible_items=7 topbar_band=(145, 85, 459, 127) topbar_band_visible_count=7 popup_region_visible_count=0 force_refresh=True handle=6621258
2026-09-29 17:02:35.499 | INFO     | winwatt_automation.live_ui.menu_helpers:list_top_menu_items:1141 - Top-level menu items (raw): ['Rendszer', 'Fájl', 'Jegyzékek', 'Eszközök', 'Beállítások', 'Ablak', 'Súgó']
2026-09-29 17:02:36.389 | INFO     | winwatt_automation.live_ui.menu_helpers:_menu_items:1101 - DBG_MENU_ITEMS_SUMMARY total_items=7 visible_items=7 topbar_band=(145, 85, 459, 127) topbar_band_visible_count=7 popup_region_visible_count=0 force_refresh=True handle=6621258
2026-09-29 17:02:36.433 | INFO     | winwatt_automation.live_ui.menu_helpers:list_top_menu_items:1141 - Top-level menu items (raw): ['Rendszer', 'Fájl', 'Jegyzékek', 'Eszközök', 'Beállítások', 'Ablak', 'Súgó']
2026-09-29 17:02:36.952 | INFO     | winwatt_automation.live_ui.app_connector:is_winwatt_foreground_context:1161 - DBG_WINWATT_FOREGROUND_CONTEXT expected_handle=6621258 expected_process_id=1980 expected_title=WinWatt gólya - C:\Users\Dancs\Documents\GitHub\autowinwatt\winwatt_automation\data\runtime_maps\versions\winwatt_8c137b67c0a2214bb91aeae8\20260929T10311393663 expected_class_name=TMainForm actual_foreground_handle=6621258 actual_foreground_process_id=1980 actual_foreground_title=WinWatt gólya - C:\Users\Dancs\Documents\GitHub\autowinwatt\winwatt_automation\data\runtime_maps\versions\winwatt_8c137b67c0a2214bb91aeae8\20260929T10311393663 actual_foreground_class_name=TMainForm allow_dialog=True result_reason=handle_match
2026-09-29 17:02:36.958 | INFO     | winwatt_automation.live_ui.app_connector:_cached_window_health_status:489 - DBG_WINWATT_CACHE_HEALTH reason_code=healthy payload={'wrapper_type': 'UIAWrapper', 'handle': 6621258, 'process_id': 1980, 'title': 'WinWatt gólya - C:\\Users\\Dancs\\Documents\\GitHub\\autowinwatt\\winwatt_automation\\data\\runtime_maps\\versions\\winwatt_8c137b67c0a2214bb91aeae8\\20260929T10311393663', 'class_name': 'TMainForm', 'control_type': 'Window'}
2026-09-29 17:02:37.366 | INFO     | winwatt_automation.live_ui.menu_helpers:_menu_items:1101 - DBG_MENU_ITEMS_SUMMARY total_items=7 visible_items=7 topbar_band=(145, 85, 459, 127) topbar_band_visible_count=7 popup_region_visible_count=0 force_refresh=True handle=6621258
2026-09-29 17:02:37.423 | INFO     | winwatt_automation.live_ui.menu_helpers:list_top_menu_items:1141 - Top-level menu items (raw): ['Rendszer', 'Fájl', 'Jegyzékek', 'Eszközök', 'Beállítások', 'Ablak', 'Súgó']
2026-09-29 17:02:38.333 | INFO     | winwatt_automation.live_ui.menu_helpers:_menu_items:1101 - DBG_MENU_ITEMS_SUMMARY total_items=7 visible_items=7 topbar_band=(145, 85, 459, 127) topbar_band_visible_count=7 popup_region_visible_count=0 force_refresh=True handle=6621258
2026-09-29 17:02:38.367 | INFO     | winwatt_automation.live_ui.menu_helpers:list_top_menu_items:1141 - Top-level menu items (raw): ['Rendszer', 'Fájl', 'Jegyzékek', 'Eszközök', 'Beállítások', 'Ablak', 'Súgó']
2026-09-29 17:02:39.285 | INFO     | winwatt_automation.live_ui.menu_helpers:_menu_items:1101 - DBG_MENU_ITEMS_SUMMARY total_items=7 visible_items=7 topbar_band=(145, 85, 459, 127) topbar_band_visible_count=7 popup_region_visible_count=0 force_refresh=True handle=6621258
2026-09-29 17:02:39.331 | INFO     | winwatt_automation.live_ui.menu_helpers:list_top_menu_items:1141 - Top-level menu items (raw): ['Rendszer', 'Fájl', 'Jegyzékek', 'Eszközök', 'Beállítások', 'Ablak', 'Súgó']
2026-09-29 17:02:40.258 | INFO     | winwatt_automation.live_ui.menu_helpers:_menu_items:1101 - DBG_MENU_ITEMS_SUMMARY total_items=7 visible_items=7 topbar_band=(145, 85, 459, 127) topbar_band_visible_count=7 popup_region_visible_count=0 force_refresh=True handle=6621258
2026-09-29 17:02:40.300 | INFO     | winwatt_automation.live_ui.menu_helpers:list_top_menu_items:1141 - Top-level menu items (raw): ['Rendszer', 'Fájl', 'Jegyzékek', 'Eszközök', 'Beállítások', 'Ablak', 'Súgó']
2026-09-29 17:02:42.233 | INFO     | winwatt_automation.live_ui.app_connector:is_winwatt_foreground_context:1161 - DBG_WINWATT_FOREGROUND_CONTEXT expected_handle=6621258 expected_process_id=1980 expected_title=WinWatt gólya - C:\Users\Dancs\Documents\GitHub\autowinwatt\winwatt_automation\data\runtime_maps\versions\winwatt_8c137b67c0a2214bb91aeae8\20260929T10311393663 expected_class_name=TMainForm actual_foreground_handle=6621258 actual_foreground_process_id=1980 actual_foreground_title=WinWatt gólya - C:\Users\Dancs\Documents\GitHub\autowinwatt\winwatt_automation\data\runtime_maps\versions\winwatt_8c137b67c0a2214bb91aeae8\20260929T10311393663 actual_foreground_class_name=TMainForm allow_dialog=True result_reason=handle_match
2026-09-29 17:02:42.233 | INFO     | winwatt_automation.live_ui.app_connector:_cached_window_health_status:489 - DBG_WINWATT_CACHE_HEALTH reason_code=healthy payload={'wrapper_type': 'UIAWrapper', 'handle': 6621258, 'process_id': 1980, 'title': 'WinWatt gólya - C:\\Users\\Dancs\\Documents\\GitHub\\autowinwatt\\winwatt_automation\\data\\runtime_maps\\versions\\winwatt_8c137b67c0a2214bb91aeae8\\20260929T10311393663', 'class_name': 'TMainForm', 'control_type': 'Window'}
